irun(64): 15.20-s051: (c) Copyright 1995-2018 Cadence Design Systems, Inc.
TOOL:	irun(64)	15.20-s051: Started on Feb 13, 2019 at 04:41:25 IST
irun
	-access +rwc
	axi_m_wrapper.v
	tb_wrapper.v
DEFINE gpdk045		$ANALOG/45nm/gpdk045		
|
irun: *W,DLCPTH (/tools/cadence/FOUNDRY/cds.lib,15): cds.lib Permission denied '/tools/cadence/FOUNDRY/analog/45nm/gpdk045' (cds.lib command ignored).
DEFINE rfLib_new	/home/install/FOUNDRY/rfLib_new
|
irun: *W,DLCPTH (/tools/cadence/FOUNDRY/cds.lib,19): cds.lib Invalid path '/home/install/FOUNDRY/rfLib_new' (cds.lib command ignored).
DEFINE gpdk045		$ANALOG/45nm/gpdk045		
|
irun: *W,DLCPTH (/tools/cadence/FOUNDRY/cds.lib,15): cds.lib Permission denied '/tools/cadence/FOUNDRY/analog/45nm/gpdk045' (cds.lib command ignored).
DEFINE rfLib_new	/home/install/FOUNDRY/rfLib_new
|
irun: *W,DLCPTH (/tools/cadence/FOUNDRY/cds.lib,19): cds.lib Invalid path '/home/install/FOUNDRY/rfLib_new' (cds.lib command ignored).
DEFINE gpdk045		$ANALOG/45nm/gpdk045		
|
irun: *W,DLCPTH (/tools/cadence/FOUNDRY/cds.lib,15): cds.lib Permission denied '/tools/cadence/FOUNDRY/analog/45nm/gpdk045' (cds.lib command ignored).
DEFINE rfLib_new	/home/install/FOUNDRY/rfLib_new
|
irun: *W,DLCPTH (/tools/cadence/FOUNDRY/cds.lib,19): cds.lib Invalid path '/home/install/FOUNDRY/rfLib_new' (cds.lib command ignored).
DEFINE gpdk045		$ANALOG/45nm/gpdk045		
|
irun: *W,DLCPTH (/tools/cadence/FOUNDRY/cds.lib,15): cds.lib Permission denied '/tools/cadence/FOUNDRY/analog/45nm/gpdk045' (cds.lib command ignored).
DEFINE rfLib_new	/home/install/FOUNDRY/rfLib_new
|
irun: *W,DLCPTH (/tools/cadence/FOUNDRY/cds.lib,19): cds.lib Invalid path '/home/install/FOUNDRY/rfLib_new' (cds.lib command ignored).
DEFINE gpdk045		$ANALOG/45nm/gpdk045		
|
irun: *W,DLCPTH (/tools/cadence/FOUNDRY/cds.lib,15): cds.lib Permission denied '/tools/cadence/FOUNDRY/analog/45nm/gpdk045' (cds.lib command ignored).
DEFINE rfLib_new	/home/install/FOUNDRY/rfLib_new
|
irun: *W,DLCPTH (/tools/cadence/FOUNDRY/cds.lib,19): cds.lib Invalid path '/home/install/FOUNDRY/rfLib_new' (cds.lib command ignored).
DEFINE gpdk045		$ANALOG/45nm/gpdk045		
|
irun: *W,DLCPTH (/tools/cadence/FOUNDRY/cds.lib,15): cds.lib Permission denied '/tools/cadence/FOUNDRY/analog/45nm/gpdk045' (cds.lib command ignored).
DEFINE rfLib_new	/home/install/FOUNDRY/rfLib_new
|
irun: *W,DLCPTH (/tools/cadence/FOUNDRY/cds.lib,19): cds.lib Invalid path '/home/install/FOUNDRY/rfLib_new' (cds.lib command ignored).
DEFINE gpdk045		$ANALOG/45nm/gpdk045		
|
ncsim: *W,DLCPTH (/tools/cadence/FOUNDRY/cds.lib,15): cds.lib Permission denied '/tools/cadence/FOUNDRY/analog/45nm/gpdk045' (cds.lib command ignored).
DEFINE rfLib_new	/home/install/FOUNDRY/rfLib_new
|
ncsim: *W,DLCPTH (/tools/cadence/FOUNDRY/cds.lib,19): cds.lib Invalid path '/home/install/FOUNDRY/rfLib_new' (cds.lib command ignored).
Loading snapshot worklib.tb_axi_master_wrapper:v .................... Done
ncsim> source /tools/cadence/INCISIVE152/tools/inca/files/ncsimrc
ncsim> run
TIME=0 | STATE=0 | AWVALID=0 | WVALID=0 | BREADY=0 | ARVALID=0 | RREADY=0 | RDATA=00000000
TIME=75 | STATE=1 | AWVALID=1 | WVALID=1 | BREADY=0 | ARVALID=0 | RREADY=0 | RDATA=00000000
TIME=95 | STATE=1 | AWVALID=0 | WVALID=1 | BREADY=0 | ARVALID=0 | RREADY=0 | RDATA=00000000
TIME=115 | STATE=1 | AWVALID=0 | WVALID=0 | BREADY=0 | ARVALID=0 | RREADY=0 | RDATA=00000000
TIME=125 | STATE=2 | AWVALID=0 | WVALID=0 | BREADY=1 | ARVALID=0 | RREADY=0 | RDATA=00000000
TIME=135 | STATE=0 | AWVALID=0 | WVALID=0 | BREADY=0 | ARVALID=0 | RREADY=0 | RDATA=00000000
TIME=250 | STATE=0 | AWVALID=0 | WVALID=0 | BREADY=0 | ARVALID=0 | RREADY=0 | RDATA=cafebabe
TIME=255 | STATE=3 | AWVALID=0 | WVALID=0 | BREADY=0 | ARVALID=1 | RREADY=0 | RDATA=cafebabe
TIME=275 | STATE=4 | AWVALID=0 | WVALID=0 | BREADY=0 | ARVALID=0 | RREADY=1 | RDATA=cafebabe
TIME=285 | STATE=0 | AWVALID=0 | WVALID=0 | BREADY=0 | ARVALID=0 | RREADY=0 | RDATA=cafebabe
Simulation complete via $finish(1) at time 500 NS + 0
./tb_wrapper.v:279     $finish;
ncsim> exit
TOOL:	irun(64)	15.20-s051: Exiting on Feb 13, 2019 at 04:41:29 IST  (total: 00:00:04)
